Archive member included to satisfy reference by file (symbol)

d:/iti/13-tourkey/arm_stm32f401/tools/arm gcc/bin/../lib/gcc/arm-none-eabi/5.4.1/../../../../arm-none-eabi/lib/armv7e-m\libg_nano.a(lib_a-errno.o)
                              ./system/src/newlib/_sbrk.o (symbol from plugin) (__errno)
d:/iti/13-tourkey/arm_stm32f401/tools/arm gcc/bin/../lib/gcc/arm-none-eabi/5.4.1/../../../../arm-none-eabi/lib/armv7e-m\libg_nano.a(lib_a-impure.o)
                              d:/iti/13-tourkey/arm_stm32f401/tools/arm gcc/bin/../lib/gcc/arm-none-eabi/5.4.1/../../../../arm-none-eabi/lib/armv7e-m\libg_nano.a(lib_a-errno.o) (_impure_ptr)
d:/iti/13-tourkey/arm_stm32f401/tools/arm gcc/bin/../lib/gcc/arm-none-eabi/5.4.1/../../../../arm-none-eabi/lib/armv7e-m\libg_nano.a(lib_a-strlen.o)
                              ./system/src/diag/Trace.o (symbol from plugin) (strlen)
d:/iti/13-tourkey/arm_stm32f401/tools/arm gcc/bin/../lib/gcc/arm-none-eabi/5.4.1/../../../../arm-none-eabi/lib/armv7e-m\libg_nano.a(lib_a-vsnprintf.o)
                              ./system/src/diag/Trace.o (symbol from plugin) (vsnprintf)
d:/iti/13-tourkey/arm_stm32f401/tools/arm gcc/bin/../lib/gcc/arm-none-eabi/5.4.1/../../../../arm-none-eabi/lib/armv7e-m\libg_nano.a(lib_a-nano-svfprintf.o)
                              d:/iti/13-tourkey/arm_stm32f401/tools/arm gcc/bin/../lib/gcc/arm-none-eabi/5.4.1/../../../../arm-none-eabi/lib/armv7e-m\libg_nano.a(lib_a-vsnprintf.o) (_svfprintf_r)
d:/iti/13-tourkey/arm_stm32f401/tools/arm gcc/bin/../lib/gcc/arm-none-eabi/5.4.1/../../../../arm-none-eabi/lib/armv7e-m\libg_nano.a(lib_a-nano-vfprintf_i.o)
                              d:/iti/13-tourkey/arm_stm32f401/tools/arm gcc/bin/../lib/gcc/arm-none-eabi/5.4.1/../../../../arm-none-eabi/lib/armv7e-m\libg_nano.a(lib_a-nano-svfprintf.o) (_printf_i)
d:/iti/13-tourkey/arm_stm32f401/tools/arm gcc/bin/../lib/gcc/arm-none-eabi/5.4.1/../../../../arm-none-eabi/lib/armv7e-m\libg_nano.a(lib_a-memchr.o)
                              d:/iti/13-tourkey/arm_stm32f401/tools/arm gcc/bin/../lib/gcc/arm-none-eabi/5.4.1/../../../../arm-none-eabi/lib/armv7e-m\libg_nano.a(lib_a-nano-svfprintf.o) (memchr)
d:/iti/13-tourkey/arm_stm32f401/tools/arm gcc/bin/../lib/gcc/arm-none-eabi/5.4.1/../../../../arm-none-eabi/lib/armv7e-m\libg_nano.a(lib_a-memcpy-stub.o)
                              d:/iti/13-tourkey/arm_stm32f401/tools/arm gcc/bin/../lib/gcc/arm-none-eabi/5.4.1/../../../../arm-none-eabi/lib/armv7e-m\libg_nano.a(lib_a-nano-svfprintf.o) (memcpy)
d:/iti/13-tourkey/arm_stm32f401/tools/arm gcc/bin/../lib/gcc/arm-none-eabi/5.4.1/../../../../arm-none-eabi/lib/armv7e-m\libg_nano.a(lib_a-memmove.o)
                              d:/iti/13-tourkey/arm_stm32f401/tools/arm gcc/bin/../lib/gcc/arm-none-eabi/5.4.1/../../../../arm-none-eabi/lib/armv7e-m\libg_nano.a(lib_a-nano-svfprintf.o) (memmove)
d:/iti/13-tourkey/arm_stm32f401/tools/arm gcc/bin/../lib/gcc/arm-none-eabi/5.4.1/../../../../arm-none-eabi/lib/armv7e-m\libg_nano.a(lib_a-nano-freer.o)
                              d:/iti/13-tourkey/arm_stm32f401/tools/arm gcc/bin/../lib/gcc/arm-none-eabi/5.4.1/../../../../arm-none-eabi/lib/armv7e-m\libg_nano.a(lib_a-nano-svfprintf.o) (_free_r)
d:/iti/13-tourkey/arm_stm32f401/tools/arm gcc/bin/../lib/gcc/arm-none-eabi/5.4.1/../../../../arm-none-eabi/lib/armv7e-m\libg_nano.a(lib_a-nano-mallocr.o)
                              d:/iti/13-tourkey/arm_stm32f401/tools/arm gcc/bin/../lib/gcc/arm-none-eabi/5.4.1/../../../../arm-none-eabi/lib/armv7e-m\libg_nano.a(lib_a-nano-svfprintf.o) (_malloc_r)
d:/iti/13-tourkey/arm_stm32f401/tools/arm gcc/bin/../lib/gcc/arm-none-eabi/5.4.1/../../../../arm-none-eabi/lib/armv7e-m\libg_nano.a(lib_a-nano-reallocr.o)
                              d:/iti/13-tourkey/arm_stm32f401/tools/arm gcc/bin/../lib/gcc/arm-none-eabi/5.4.1/../../../../arm-none-eabi/lib/armv7e-m\libg_nano.a(lib_a-nano-svfprintf.o) (_realloc_r)
d:/iti/13-tourkey/arm_stm32f401/tools/arm gcc/bin/../lib/gcc/arm-none-eabi/5.4.1/../../../../arm-none-eabi/lib/armv7e-m\libg_nano.a(lib_a-sbrkr.o)
                              d:/iti/13-tourkey/arm_stm32f401/tools/arm gcc/bin/../lib/gcc/arm-none-eabi/5.4.1/../../../../arm-none-eabi/lib/armv7e-m\libg_nano.a(lib_a-nano-mallocr.o) (_sbrk_r)
d:/iti/13-tourkey/arm_stm32f401/tools/arm gcc/bin/../lib/gcc/arm-none-eabi/5.4.1/../../../../arm-none-eabi/lib/armv7e-m\libg_nano.a(lib_a-mlock.o)
                              d:/iti/13-tourkey/arm_stm32f401/tools/arm gcc/bin/../lib/gcc/arm-none-eabi/5.4.1/../../../../arm-none-eabi/lib/armv7e-m\libg_nano.a(lib_a-nano-freer.o) (__malloc_lock)
d:/iti/13-tourkey/arm_stm32f401/tools/arm gcc/bin/../lib/gcc/arm-none-eabi/5.4.1/../../../../arm-none-eabi/lib/armv7e-m\libg_nano.a(lib_a-nano-msizer.o)
                              d:/iti/13-tourkey/arm_stm32f401/tools/arm gcc/bin/../lib/gcc/arm-none-eabi/5.4.1/../../../../arm-none-eabi/lib/armv7e-m\libg_nano.a(lib_a-nano-reallocr.o) (_malloc_usable_size_r)

Allocating common symbols
Common symbol       size              file

errno               0x4               C:\Users\ABDELR~1\AppData\Local\Temp\cc0THDXl.ltrans0.ltrans.o
St_App              0x10              ./src/BLD_Manager.o (symbol from plugin)

Discarded input sections

 .text          0x00000000        0x0 ./system/src/newlib/_cxx.o (symbol from plugin)
 .text          0x00000000        0x0 C:\Users\ABDELR~1\AppData\Local\Temp\cc0THDXl.ltrans0.ltrans.o
 .data          0x00000000        0x0 C:\Users\ABDELR~1\AppData\Local\Temp\cc0THDXl.ltrans0.ltrans.o
 .bss           0x00000000        0x0 C:\Users\ABDELR~1\AppData\Local\Temp\cc0THDXl.ltrans0.ltrans.o
 .text._exit    0x00000000        0x4 C:\Users\ABDELR~1\AppData\Local\Temp\cc0THDXl.ltrans0.ltrans.o
 .text          0x00000000        0x0 ./system/src/newlib/_exit.o (symbol from plugin)
 .text          0x00000000        0x0 ./system/src/newlib/_sbrk.o (symbol from plugin)
 .text          0x00000000        0x0 ./system/src/newlib/_startup.o (symbol from plugin)
 .text          0x00000000        0x0 ./system/src/newlib/_syscalls.o (symbol from plugin)
 .text          0x00000000        0x0 ./system/src/newlib/assert.o (symbol from plugin)
 .text          0x00000000        0x0 ./system/src/diag/Trace.o (symbol from plugin)
 .text          0x00000000        0x0 ./system/src/diag/trace_impl.o (symbol from plugin)
 .text          0x00000000        0x0 ./system/src/cortexm/_initialize_hardware.o (symbol from plugin)
 .text          0x00000000        0x0 ./system/src/cortexm/_reset_hardware.o (symbol from plugin)
 .text          0x00000000        0x0 ./system/src/cortexm/exception_handlers.o (symbol from plugin)
 .text          0x00000000        0x0 ./system/src/cmsis/system_stm32f4xx.o (symbol from plugin)
 .text          0x00000000        0x0 ./system/src/cmsis/vectors_stm32f401xc.o (symbol from plugin)
 .text          0x00000000        0x0 ./src/BLD_Manager.o (symbol from plugin)
 .text          0x00000000        0x0 ./src/DMA.o (symbol from plugin)
 .text          0x00000000        0x0 ./src/Flash.o (symbol from plugin)
 .text          0x00000000        0x0 ./src/GPIO.o (symbol from plugin)
 .text          0x00000000        0x0 ./src/NVIC.o (symbol from plugin)
 .text          0x00000000        0x0 ./src/RCC.o (symbol from plugin)
 .text          0x00000000        0x0 ./src/SCB.o (symbol from plugin)
 .text          0x00000000        0x0 ./src/Usart.o (symbol from plugin)
 .text          0x00000000        0x0 ./src/main.o (symbol from plugin)
 .text          0x00000000        0x0 d:/iti/13-tourkey/arm_stm32f401/tools/arm gcc/bin/../lib/gcc/arm-none-eabi/5.4.1/../../../../arm-none-eabi/lib/armv7e-m\libg_nano.a(lib_a-errno.o)
 .data          0x00000000        0x0 d:/iti/13-tourkey/arm_stm32f401/tools/arm gcc/bin/../lib/gcc/arm-none-eabi/5.4.1/../../../../arm-none-eabi/lib/armv7e-m\libg_nano.a(lib_a-errno.o)
 .bss           0x00000000        0x0 d:/iti/13-tourkey/arm_stm32f401/tools/arm gcc/bin/../lib/gcc/arm-none-eabi/5.4.1/../../../../arm-none-eabi/lib/armv7e-m\libg_nano.a(lib_a-errno.o)
 .text          0x00000000        0x0 d:/iti/13-tourkey/arm_stm32f401/tools/arm gcc/bin/../lib/gcc/arm-none-eabi/5.4.1/../../../../arm-none-eabi/lib/armv7e-m\libg_nano.a(lib_a-impure.o)
 .data          0x00000000        0x0 d:/iti/13-tourkey/arm_stm32f401/tools/arm gcc/bin/../lib/gcc/arm-none-eabi/5.4.1/../../../../arm-none-eabi/lib/armv7e-m\libg_nano.a(lib_a-impure.o)
 .bss           0x00000000        0x0 d:/iti/13-tourkey/arm_stm32f401/tools/arm gcc/bin/../lib/gcc/arm-none-eabi/5.4.1/../../../../arm-none-eabi/lib/armv7e-m\libg_nano.a(lib_a-impure.o)
 .rodata._global_impure_ptr
                0x00000000        0x4 d:/iti/13-tourkey/arm_stm32f401/tools/arm gcc/bin/../lib/gcc/arm-none-eabi/5.4.1/../../../../arm-none-eabi/lib/armv7e-m\libg_nano.a(lib_a-impure.o)
 .text          0x00000000       0x10 d:/iti/13-tourkey/arm_stm32f401/tools/arm gcc/bin/../lib/gcc/arm-none-eabi/5.4.1/../../../../arm-none-eabi/lib/armv7e-m\libg_nano.a(lib_a-strlen.o)
 .data          0x00000000        0x0 d:/iti/13-tourkey/arm_stm32f401/tools/arm gcc/bin/../lib/gcc/arm-none-eabi/5.4.1/../../../../arm-none-eabi/lib/armv7e-m\libg_nano.a(lib_a-strlen.o)
 .bss           0x00000000        0x0 d:/iti/13-tourkey/arm_stm32f401/tools/arm gcc/bin/../lib/gcc/arm-none-eabi/5.4.1/../../../../arm-none-eabi/lib/armv7e-m\libg_nano.a(lib_a-strlen.o)
 .ARM.attributes
                0x00000000       0x17 d:/iti/13-tourkey/arm_stm32f401/tools/arm gcc/bin/../lib/gcc/arm-none-eabi/5.4.1/../../../../arm-none-eabi/lib/armv7e-m\libg_nano.a(lib_a-strlen.o)
 .text          0x00000000        0x0 d:/iti/13-tourkey/arm_stm32f401/tools/arm gcc/bin/../lib/gcc/arm-none-eabi/5.4.1/../../../../arm-none-eabi/lib/armv7e-m\libg_nano.a(lib_a-vsnprintf.o)
 .data          0x00000000        0x0 d:/iti/13-tourkey/arm_stm32f401/tools/arm gcc/bin/../lib/gcc/arm-none-eabi/5.4.1/../../../../arm-none-eabi/lib/armv7e-m\libg_nano.a(lib_a-vsnprintf.o)
 .bss           0x00000000        0x0 d:/iti/13-tourkey/arm_stm32f401/tools/arm gcc/bin/../lib/gcc/arm-none-eabi/5.4.1/../../../../arm-none-eabi/lib/armv7e-m\libg_nano.a(lib_a-vsnprintf.o)
 .text          0x00000000        0x0 d:/iti/13-tourkey/arm_stm32f401/tools/arm gcc/bin/../lib/gcc/arm-none-eabi/5.4.1/../../../../arm-none-eabi/lib/armv7e-m\libg_nano.a(lib_a-nano-svfprintf.o)
 .data          0x00000000        0x0 d:/iti/13-tourkey/arm_stm32f401/tools/arm gcc/bin/../lib/gcc/arm-none-eabi/5.4.1/../../../../arm-none-eabi/lib/armv7e-m\libg_nano.a(lib_a-nano-svfprintf.o)
 .bss           0x00000000        0x0 d:/iti/13-tourkey/arm_stm32f401/tools/arm gcc/bin/../lib/gcc/arm-none-eabi/5.4.1/../../../../arm-none-eabi/lib/armv7e-m\libg_nano.a(lib_a-nano-svfprintf.o)
 .text.__ssprint_r
                0x00000000       0xfe d:/iti/13-tourkey/arm_stm32f401/tools/arm gcc/bin/../lib/gcc/arm-none-eabi/5.4.1/../../../../arm-none-eabi/lib/armv7e-m\libg_nano.a(lib_a-nano-svfprintf.o)
 .text          0x00000000        0x0 d:/iti/13-tourkey/arm_stm32f401/tools/arm gcc/bin/../lib/gcc/arm-none-eabi/5.4.1/../../../../arm-none-eabi/lib/armv7e-m\libg_nano.a(lib_a-nano-vfprintf_i.o)
 .data          0x00000000        0x0 d:/iti/13-tourkey/arm_stm32f401/tools/arm gcc/bin/../lib/gcc/arm-none-eabi/5.4.1/../../../../arm-none-eabi/lib/armv7e-m\libg_nano.a(lib_a-nano-vfprintf_i.o)
 .bss           0x00000000        0x0 d:/iti/13-tourkey/arm_stm32f401/tools/arm gcc/bin/../lib/gcc/arm-none-eabi/5.4.1/../../../../arm-none-eabi/lib/armv7e-m\libg_nano.a(lib_a-nano-vfprintf_i.o)
 .data          0x00000000        0x0 d:/iti/13-tourkey/arm_stm32f401/tools/arm gcc/bin/../lib/gcc/arm-none-eabi/5.4.1/../../../../arm-none-eabi/lib/armv7e-m\libg_nano.a(lib_a-memchr.o)
 .bss           0x00000000        0x0 d:/iti/13-tourkey/arm_stm32f401/tools/arm gcc/bin/../lib/gcc/arm-none-eabi/5.4.1/../../../../arm-none-eabi/lib/armv7e-m\libg_nano.a(lib_a-memchr.o)
 .text          0x00000000        0x0 d:/iti/13-tourkey/arm_stm32f401/tools/arm gcc/bin/../lib/gcc/arm-none-eabi/5.4.1/../../../../arm-none-eabi/lib/armv7e-m\libg_nano.a(lib_a-memcpy-stub.o)
 .data          0x00000000        0x0 d:/iti/13-tourkey/arm_stm32f401/tools/arm gcc/bin/../lib/gcc/arm-none-eabi/5.4.1/../../../../arm-none-eabi/lib/armv7e-m\libg_nano.a(lib_a-memcpy-stub.o)
 .bss           0x00000000        0x0 d:/iti/13-tourkey/arm_stm32f401/tools/arm gcc/bin/../lib/gcc/arm-none-eabi/5.4.1/../../../../arm-none-eabi/lib/armv7e-m\libg_nano.a(lib_a-memcpy-stub.o)
 .text          0x00000000        0x0 d:/iti/13-tourkey/arm_stm32f401/tools/arm gcc/bin/../lib/gcc/arm-none-eabi/5.4.1/../../../../arm-none-eabi/lib/armv7e-m\libg_nano.a(lib_a-memmove.o)
 .data          0x00000000        0x0 d:/iti/13-tourkey/arm_stm32f401/tools/arm gcc/bin/../lib/gcc/arm-none-eabi/5.4.1/../../../../arm-none-eabi/lib/armv7e-m\libg_nano.a(lib_a-memmove.o)
 .bss           0x00000000        0x0 d:/iti/13-tourkey/arm_stm32f401/tools/arm gcc/bin/../lib/gcc/arm-none-eabi/5.4.1/../../../../arm-none-eabi/lib/armv7e-m\libg_nano.a(lib_a-memmove.o)
 .text          0x00000000        0x0 d:/iti/13-tourkey/arm_stm32f401/tools/arm gcc/bin/../lib/gcc/arm-none-eabi/5.4.1/../../../../arm-none-eabi/lib/armv7e-m\libg_nano.a(lib_a-nano-freer.o)
 .data          0x00000000        0x0 d:/iti/13-tourkey/arm_stm32f401/tools/arm gcc/bin/../lib/gcc/arm-none-eabi/5.4.1/../../../../arm-none-eabi/lib/armv7e-m\libg_nano.a(lib_a-nano-freer.o)
 .bss           0x00000000        0x0 d:/iti/13-tourkey/arm_stm32f401/tools/arm gcc/bin/../lib/gcc/arm-none-eabi/5.4.1/../../../../arm-none-eabi/lib/armv7e-m\libg_nano.a(lib_a-nano-freer.o)
 .text          0x00000000        0x0 d:/iti/13-tourkey/arm_stm32f401/tools/arm gcc/bin/../lib/gcc/arm-none-eabi/5.4.1/../../../../arm-none-eabi/lib/armv7e-m\libg_nano.a(lib_a-nano-mallocr.o)
 .data          0x00000000        0x0 d:/iti/13-tourkey/arm_stm32f401/tools/arm gcc/bin/../lib/gcc/arm-none-eabi/5.4.1/../../../../arm-none-eabi/lib/armv7e-m\libg_nano.a(lib_a-nano-mallocr.o)
 .bss           0x00000000        0x0 d:/iti/13-tourkey/arm_stm32f401/tools/arm gcc/bin/../lib/gcc/arm-none-eabi/5.4.1/../../../../arm-none-eabi/lib/armv7e-m\libg_nano.a(lib_a-nano-mallocr.o)
 .text          0x00000000        0x0 d:/iti/13-tourkey/arm_stm32f401/tools/arm gcc/bin/../lib/gcc/arm-none-eabi/5.4.1/../../../../arm-none-eabi/lib/armv7e-m\libg_nano.a(lib_a-nano-reallocr.o)
 .data          0x00000000        0x0 d:/iti/13-tourkey/arm_stm32f401/tools/arm gcc/bin/../lib/gcc/arm-none-eabi/5.4.1/../../../../arm-none-eabi/lib/armv7e-m\libg_nano.a(lib_a-nano-reallocr.o)
 .bss           0x00000000        0x0 d:/iti/13-tourkey/arm_stm32f401/tools/arm gcc/bin/../lib/gcc/arm-none-eabi/5.4.1/../../../../arm-none-eabi/lib/armv7e-m\libg_nano.a(lib_a-nano-reallocr.o)
 .text          0x00000000        0x0 d:/iti/13-tourkey/arm_stm32f401/tools/arm gcc/bin/../lib/gcc/arm-none-eabi/5.4.1/../../../../arm-none-eabi/lib/armv7e-m\libg_nano.a(lib_a-sbrkr.o)
 .data          0x00000000        0x0 d:/iti/13-tourkey/arm_stm32f401/tools/arm gcc/bin/../lib/gcc/arm-none-eabi/5.4.1/../../../../arm-none-eabi/lib/armv7e-m\libg_nano.a(lib_a-sbrkr.o)
 .bss           0x00000000        0x0 d:/iti/13-tourkey/arm_stm32f401/tools/arm gcc/bin/../lib/gcc/arm-none-eabi/5.4.1/../../../../arm-none-eabi/lib/armv7e-m\libg_nano.a(lib_a-sbrkr.o)
 .text          0x00000000        0x0 d:/iti/13-tourkey/arm_stm32f401/tools/arm gcc/bin/../lib/gcc/arm-none-eabi/5.4.1/../../../../arm-none-eabi/lib/armv7e-m\libg_nano.a(lib_a-mlock.o)
 .data          0x00000000        0x0 d:/iti/13-tourkey/arm_stm32f401/tools/arm gcc/bin/../lib/gcc/arm-none-eabi/5.4.1/../../../../arm-none-eabi/lib/armv7e-m\libg_nano.a(lib_a-mlock.o)
 .bss           0x00000000        0x0 d:/iti/13-tourkey/arm_stm32f401/tools/arm gcc/bin/../lib/gcc/arm-none-eabi/5.4.1/../../../../arm-none-eabi/lib/armv7e-m\libg_nano.a(lib_a-mlock.o)
 .text          0x00000000        0x0 d:/iti/13-tourkey/arm_stm32f401/tools/arm gcc/bin/../lib/gcc/arm-none-eabi/5.4.1/../../../../arm-none-eabi/lib/armv7e-m\libg_nano.a(lib_a-nano-msizer.o)
 .data          0x00000000        0x0 d:/iti/13-tourkey/arm_stm32f401/tools/arm gcc/bin/../lib/gcc/arm-none-eabi/5.4.1/../../../../arm-none-eabi/lib/armv7e-m\libg_nano.a(lib_a-nano-msizer.o)
 .bss           0x00000000        0x0 d:/iti/13-tourkey/arm_stm32f401/tools/arm gcc/bin/../lib/gcc/arm-none-eabi/5.4.1/../../../../arm-none-eabi/lib/armv7e-m\libg_nano.a(lib_a-nano-msizer.o)

Memory Configuration

Name             Origin             Length             Attributes
RAM              0x20000000         0x00010000         xrw
CCMRAM           0x10000000         0x00000000         xrw
FLASH            0x08008000         0x00038000         xr
FLASHB1          0x00000000         0x00000000         xr
EXTMEMB0         0x00000000         0x00000000         xr
EXTMEMB1         0x00000000         0x00000000         xr
EXTMEMB2         0x00000000         0x00000000         xr
EXTMEMB3         0x00000000         0x00000000         xr
*default*        0x00000000         0xffffffff

Linker script and memory map

LOAD ./system/src/newlib/_cxx.o
LOAD C:\Users\ABDELR~1\AppData\Local\Temp\cc0THDXl.ltrans0.ltrans.o
LOAD ./system/src/newlib/_exit.o
LOAD ./system/src/newlib/_sbrk.o
LOAD ./system/src/newlib/_startup.o
LOAD ./system/src/newlib/_syscalls.o
LOAD ./system/src/newlib/assert.o
LOAD ./system/src/diag/Trace.o
LOAD ./system/src/diag/trace_impl.o
LOAD ./system/src/cortexm/_initialize_hardware.o
LOAD ./system/src/cortexm/_reset_hardware.o
LOAD ./system/src/cortexm/exception_handlers.o
LOAD ./system/src/cmsis/system_stm32f4xx.o
LOAD ./system/src/cmsis/vectors_stm32f401xc.o
LOAD ./src/BLD_Manager.o
LOAD ./src/DMA.o
LOAD ./src/Flash.o
LOAD ./src/GPIO.o
LOAD ./src/NVIC.o
LOAD ./src/RCC.o
LOAD ./src/SCB.o
LOAD ./src/Usart.o
LOAD ./src/main.o
LOAD d:/iti/13-tourkey/arm_stm32f401/tools/arm gcc/bin/../lib/gcc/arm-none-eabi/5.4.1/../../../../arm-none-eabi/lib/armv7e-m\libstdc++_nano.a
LOAD d:/iti/13-tourkey/arm_stm32f401/tools/arm gcc/bin/../lib/gcc/arm-none-eabi/5.4.1/../../../../arm-none-eabi/lib/armv7e-m\libm.a
START GROUP
LOAD d:/iti/13-tourkey/arm_stm32f401/tools/arm gcc/bin/../lib/gcc/arm-none-eabi/5.4.1/armv7e-m\libgcc.a
LOAD d:/iti/13-tourkey/arm_stm32f401/tools/arm gcc/bin/../lib/gcc/arm-none-eabi/5.4.1/../../../../arm-none-eabi/lib/armv7e-m\libg_nano.a
LOAD d:/iti/13-tourkey/arm_stm32f401/tools/arm gcc/bin/../lib/gcc/arm-none-eabi/5.4.1/../../../../arm-none-eabi/lib/armv7e-m\libc_nano.a
END GROUP
START GROUP
LOAD d:/iti/13-tourkey/arm_stm32f401/tools/arm gcc/bin/../lib/gcc/arm-none-eabi/5.4.1/armv7e-m\libgcc.a
LOAD d:/iti/13-tourkey/arm_stm32f401/tools/arm gcc/bin/../lib/gcc/arm-none-eabi/5.4.1/../../../../arm-none-eabi/lib/armv7e-m\libc_nano.a
END GROUP
                0x20010000                __stack = (ORIGIN (RAM) + LENGTH (RAM))
                0x20010000                _estack = __stack
                0x00000400                __Main_Stack_Size = 0x400
                [!provide]                PROVIDE (_Main_Stack_Size, __Main_Stack_Size)
                0x2000fc00                __Main_Stack_Limit = (__stack - __Main_Stack_Size)
                [!provide]                PROVIDE (_Main_Stack_Limit, __Main_Stack_Limit)
                0x00000100                _Minimum_Stack_Size = 0x100
                0x20000158                PROVIDE (_Heap_Begin, _end_noinit)
                0x2000fc00                PROVIDE (_Heap_Limit, (__stack - __Main_Stack_Size))

.isr_vector     0x08008000      0x3d0
 FILL mask 0xff
                0x08008000                __vectors_start = ABSOLUTE (.)
                0x08008000                __vectors_start__ = ABSOLUTE (.)
 *(.isr_vector)
 .isr_vector    0x08008000      0x194 C:\Users\ABDELR~1\AppData\Local\Temp\cc0THDXl.ltrans0.ltrans.o
                0x08008000                __isr_vectors
 *(.cfmconfig)
 *(.after_vectors .after_vectors.*)
 .after_vectors
                0x08008194      0x23c C:\Users\ABDELR~1\AppData\Local\Temp\cc0THDXl.ltrans0.ltrans.o
                0x080081ec                UsageFault_Handler_C
                0x08008220                BusFault_Handler_C
                0x08008254                HardFault_Handler_C
                0x080082b4                _start

.inits          0x080083d0       0x28
                0x080083d0                __data_regions_array_start = .
                0x080083d0        0x4 LONG 0x80097f4 LOADADDR (.data)
                0x080083d4        0x4 LONG 0x20000000 ADDR (.data)
                0x080083d8        0x4 LONG 0x20000078 (ADDR (.data) + SIZEOF (.data))
                0x080083dc        0x4 LONG 0x80097f4 LOADADDR (.data_CCMRAM)
                0x080083e0        0x4 LONG 0x10000000 ADDR (.data_CCMRAM)
                0x080083e4        0x4 LONG 0x10000000 (ADDR (.data_CCMRAM) + SIZEOF (.data_CCMRAM))
                0x080083e8                __data_regions_array_end = .
                0x080083e8                __bss_regions_array_start = .
                0x080083e8        0x4 LONG 0x20000078 ADDR (.bss)
                0x080083ec        0x4 LONG 0x20000158 (ADDR (.bss) + SIZEOF (.bss))
                0x080083f0        0x4 LONG 0x10000000 ADDR (.bss_CCMRAM)
                0x080083f4        0x4 LONG 0x10000000 (ADDR (.bss_CCMRAM) + SIZEOF (.bss_CCMRAM))
                0x080083f8                __bss_regions_array_end = .
 *(.init)
 *(.fini)
                0x080083f8                . = ALIGN (0x4)
                0x080083f8                PROVIDE (__preinit_array_start, .)
 *(.preinit_array_sysinit .preinit_array_sysinit.*)
 *(.preinit_array_platform .preinit_array_platform.*)
 *(.preinit_array .preinit_array.*)
                0x080083f8                PROVIDE (__preinit_array_end, .)
                0x080083f8                . = ALIGN (0x4)
                0x080083f8                PROVIDE (__init_array_start, .)
 *(SORT(.init_array.*))
 *(.init_array)
                0x080083f8                PROVIDE (__init_array_end, .)
                0x080083f8                . = ALIGN (0x4)
                0x080083f8                PROVIDE (__fini_array_start, .)
 *(SORT(.fini_array.*))
 *(.fini_array)
                0x080083f8                PROVIDE (__fini_array_end, .)

.flashtext
 *(.flashtext .flashtext.*)

.text           0x08008400     0x13f3
 *(.text .text.*)
 .text.Uart_RegisterCpfRxComplet
                0x08008400       0x3c C:\Users\ABDELR~1\AppData\Local\Temp\cc0THDXl.ltrans0.ltrans.o
 .text.Uart_RXBuffer
                0x0800843c       0x4c C:\Users\ABDELR~1\AppData\Local\Temp\cc0THDXl.ltrans0.ltrans.o
 .text.Uart_Init
                0x08008488       0xd8 C:\Users\ABDELR~1\AppData\Local\Temp\cc0THDXl.ltrans0.ltrans.o
 .text.Usart_ClearTcSecunce
                0x08008560       0x18 C:\Users\ABDELR~1\AppData\Local\Temp\cc0THDXl.ltrans0.ltrans.o
 .text.USART1_IRQHandler
                0x08008578       0x88 C:\Users\ABDELR~1\AppData\Local\Temp\cc0THDXl.ltrans0.ltrans.o
 .text.SCB_RestSys
                0x08008600       0x10 C:\Users\ABDELR~1\AppData\Local\Temp\cc0THDXl.ltrans0.ltrans.o
 .text.RCC_EnablePriphralCLK
                0x08008610       0x54 C:\Users\ABDELR~1\AppData\Local\Temp\cc0THDXl.ltrans0.ltrans.o
 .text.NVIC_vidEnableIRQ
                0x08008664       0x24 C:\Users\ABDELR~1\AppData\Local\Temp\cc0THDXl.ltrans0.ltrans.o
 .text.Gpio_enuSetAF
                0x08008688       0x44 C:\Users\ABDELR~1\AppData\Local\Temp\cc0THDXl.ltrans0.ltrans.o
 .text.Gpio_enuSetPintValue
                0x080086cc       0x40 C:\Users\ABDELR~1\AppData\Local\Temp\cc0THDXl.ltrans0.ltrans.o
 .text.Gpio_enuinitPinCfg
                0x0800870c       0x88 C:\Users\ABDELR~1\AppData\Local\Temp\cc0THDXl.ltrans0.ltrans.o
 .text.Flash_SetProgramSize
                0x08008794       0x18 C:\Users\ABDELR~1\AppData\Local\Temp\cc0THDXl.ltrans0.ltrans.o
 .text.Flash_Program
                0x080087ac       0xa4 C:\Users\ABDELR~1\AppData\Local\Temp\cc0THDXl.ltrans0.ltrans.o
 .text.Flash_SectorErase
                0x08008850       0x58 C:\Users\ABDELR~1\AppData\Local\Temp\cc0THDXl.ltrans0.ltrans.o
 .text.Flash_Init
                0x080088a8       0x18 C:\Users\ABDELR~1\AppData\Local\Temp\cc0THDXl.ltrans0.ltrans.o
 .text.DMA2_Stream7_IRQHandler
                0x080088c0        0x4 C:\Users\ABDELR~1\AppData\Local\Temp\cc0THDXl.ltrans0.ltrans.o
 .text.DMA2_Stream6_IRQHandler
                0x080088c4        0x4 C:\Users\ABDELR~1\AppData\Local\Temp\cc0THDXl.ltrans0.ltrans.o
 .text.DMA2_Stream5_IRQHandler
                0x080088c8        0x4 C:\Users\ABDELR~1\AppData\Local\Temp\cc0THDXl.ltrans0.ltrans.o
 .text.DMA2_Stream4_IRQHandler
                0x080088cc        0x4 C:\Users\ABDELR~1\AppData\Local\Temp\cc0THDXl.ltrans0.ltrans.o
 .text.DMA2_Stream3_IRQHandler
                0x080088d0        0x4 C:\Users\ABDELR~1\AppData\Local\Temp\cc0THDXl.ltrans0.ltrans.o
 .text.DMA2_Stream2_IRQHandler
                0x080088d4        0x4 C:\Users\ABDELR~1\AppData\Local\Temp\cc0THDXl.ltrans0.ltrans.o
 .text.DMA2_Stream1_IRQHandler
                0x080088d8        0x4 C:\Users\ABDELR~1\AppData\Local\Temp\cc0THDXl.ltrans0.ltrans.o
 .text.DMA2_Stream0_IRQHandler
                0x080088dc        0x4 C:\Users\ABDELR~1\AppData\Local\Temp\cc0THDXl.ltrans0.ltrans.o
 .text.DMA1_Stream7_IRQHandler
                0x080088e0        0x4 C:\Users\ABDELR~1\AppData\Local\Temp\cc0THDXl.ltrans0.ltrans.o
 .text.DMA1_Stream6_IRQHandler
                0x080088e4        0x4 C:\Users\ABDELR~1\AppData\Local\Temp\cc0THDXl.ltrans0.ltrans.o
 .text.DMA1_Stream5_IRQHandler
                0x080088e8        0x4 C:\Users\ABDELR~1\AppData\Local\Temp\cc0THDXl.ltrans0.ltrans.o
 .text.DMA1_Stream4_IRQHandler
                0x080088ec        0x4 C:\Users\ABDELR~1\AppData\Local\Temp\cc0THDXl.ltrans0.ltrans.o
 .text.DMA1_Stream3_IRQHandler
                0x080088f0        0x4 C:\Users\ABDELR~1\AppData\Local\Temp\cc0THDXl.ltrans0.ltrans.o
 .text.DMA1_Stream2_IRQHandler
                0x080088f4        0x4 C:\Users\ABDELR~1\AppData\Local\Temp\cc0THDXl.ltrans0.ltrans.o
 .text.DMA1_Stream1_IRQHandler
                0x080088f8        0x4 C:\Users\ABDELR~1\AppData\Local\Temp\cc0THDXl.ltrans0.ltrans.o
 .text.DMA1_Stream0_IRQHandler
                0x080088fc        0x4 C:\Users\ABDELR~1\AppData\Local\Temp\cc0THDXl.ltrans0.ltrans.o
 .text.BLDManger_UartInit
                0x08008900       0xac C:\Users\ABDELR~1\AppData\Local\Temp\cc0THDXl.ltrans0.ltrans.o
 .text.SystemCoreClockUpdate
                0x080089ac       0xa0 C:\Users\ABDELR~1\AppData\Local\Temp\cc0THDXl.ltrans0.ltrans.o
 .text.SystemInit
                0x08008a4c       0x40 C:\Users\ABDELR~1\AppData\Local\Temp\cc0THDXl.ltrans0.ltrans.o
 .text.isSemihosting
                0x08008a8c       0x20 C:\Users\ABDELR~1\AppData\Local\Temp\cc0THDXl.ltrans0.ltrans.o
 .text.__initialize_hardware
                0x08008aac        0x8 C:\Users\ABDELR~1\AppData\Local\Temp\cc0THDXl.ltrans0.ltrans.o
 .text.__initialize_hardware_early
                0x08008ab4       0x18 C:\Users\ABDELR~1\AppData\Local\Temp\cc0THDXl.ltrans0.ltrans.o
 .text._trace_write_semihosting_debug
                0x08008acc       0x64 C:\Users\ABDELR~1\AppData\Local\Temp\cc0THDXl.ltrans0.ltrans.o
 .text.trace_write
                0x08008b30        0x8 C:\Users\ABDELR~1\AppData\Local\Temp\cc0THDXl.ltrans0.ltrans.o
 .text.__initialize_args
                0x08008b38       0x10 C:\Users\ABDELR~1\AppData\Local\Temp\cc0THDXl.ltrans0.ltrans.o
 .text.trace_printf
                0x08008b48       0x30 C:\Users\ABDELR~1\AppData\Local\Temp\cc0THDXl.ltrans0.ltrans.o
 .text.main     0x08008b78       0x48 C:\Users\ABDELR~1\AppData\Local\Temp\cc0THDXl.ltrans0.ltrans.o
 .text.RXBuffCblt
                0x08008bc0       0x38 C:\Users\ABDELR~1\AppData\Local\Temp\cc0THDXl.ltrans0.ltrans.o
 .text.dumpExceptionStack
                0x08008bf8       0xf0 C:\Users\ABDELR~1\AppData\Local\Temp\cc0THDXl.ltrans0.ltrans.o
 .text._sbrk    0x08008ce8       0x44 C:\Users\ABDELR~1\AppData\Local\Temp\cc0THDXl.ltrans0.ltrans.o
                0x08008ce8                _sbrk
 .text.__errno  0x08008d2c        0xc d:/iti/13-tourkey/arm_stm32f401/tools/arm gcc/bin/../lib/gcc/arm-none-eabi/5.4.1/../../../../arm-none-eabi/lib/armv7e-m\libg_nano.a(lib_a-errno.o)
                0x08008d2c                __errno
 .text._vsnprintf_r
                0x08008d38       0x56 d:/iti/13-tourkey/arm_stm32f401/tools/arm gcc/bin/../lib/gcc/arm-none-eabi/5.4.1/../../../../arm-none-eabi/lib/armv7e-m\libg_nano.a(lib_a-vsnprintf.o)
                0x08008d38                _vsniprintf_r
                0x08008d38                _vsnprintf_r
 *fill*         0x08008d8e        0x2 
 .text.vsnprintf
                0x08008d90       0x1c d:/iti/13-tourkey/arm_stm32f401/tools/arm gcc/bin/../lib/gcc/arm-none-eabi/5.4.1/../../../../arm-none-eabi/lib/armv7e-m\libg_nano.a(lib_a-vsnprintf.o)
                0x08008d90                vsniprintf
                0x08008d90                vsnprintf
 .text.__ssputs_r
                0x08008dac       0xb2 d:/iti/13-tourkey/arm_stm32f401/tools/arm gcc/bin/../lib/gcc/arm-none-eabi/5.4.1/../../../../arm-none-eabi/lib/armv7e-m\libg_nano.a(lib_a-nano-svfprintf.o)
                0x08008dac                __ssputs_r
 *fill*         0x08008e5e        0x2 
 .text._svfprintf_r
                0x08008e60      0x1e8 d:/iti/13-tourkey/arm_stm32f401/tools/arm gcc/bin/../lib/gcc/arm-none-eabi/5.4.1/../../../../arm-none-eabi/lib/armv7e-m\libg_nano.a(lib_a-nano-svfprintf.o)
                0x08008e60                _svfiprintf_r
                0x08008e60                _svfprintf_r
 .text._printf_common
                0x08009048       0xec d:/iti/13-tourkey/arm_stm32f401/tools/arm gcc/bin/../lib/gcc/arm-none-eabi/5.4.1/../../../../arm-none-eabi/lib/armv7e-m\libg_nano.a(lib_a-nano-vfprintf_i.o)
                0x08009048                _printf_common
 .text._printf_i
                0x08009134      0x24c d:/iti/13-tourkey/arm_stm32f401/tools/arm gcc/bin/../lib/gcc/arm-none-eabi/5.4.1/../../../../arm-none-eabi/lib/armv7e-m\libg_nano.a(lib_a-nano-vfprintf_i.o)
                0x08009134                _printf_i
 .text          0x08009380       0xa0 d:/iti/13-tourkey/arm_stm32f401/tools/arm gcc/bin/../lib/gcc/arm-none-eabi/5.4.1/../../../../arm-none-eabi/lib/armv7e-m\libg_nano.a(lib_a-memchr.o)
                0x08009380                memchr
 .text.memcpy   0x08009420       0x16 d:/iti/13-tourkey/arm_stm32f401/tools/arm gcc/bin/../lib/gcc/arm-none-eabi/5.4.1/../../../../arm-none-eabi/lib/armv7e-m\libg_nano.a(lib_a-memcpy-stub.o)
                0x08009420                memcpy
 .text.memmove  0x08009436       0x36 d:/iti/13-tourkey/arm_stm32f401/tools/arm gcc/bin/../lib/gcc/arm-none-eabi/5.4.1/../../../../arm-none-eabi/lib/armv7e-m\libg_nano.a(lib_a-memmove.o)
                0x08009436                memmove
 .text._free_r  0x0800946c       0x9c d:/iti/13-tourkey/arm_stm32f401/tools/arm gcc/bin/../lib/gcc/arm-none-eabi/5.4.1/../../../../arm-none-eabi/lib/armv7e-m\libg_nano.a(lib_a-nano-freer.o)
                0x0800946c                _free_r
 .text._malloc_r
                0x08009508       0xbc d:/iti/13-tourkey/arm_stm32f401/tools/arm gcc/bin/../lib/gcc/arm-none-eabi/5.4.1/../../../../arm-none-eabi/lib/armv7e-m\libg_nano.a(lib_a-nano-mallocr.o)
                0x08009508                _malloc_r
 .text._realloc_r
                0x080095c4       0x4c d:/iti/13-tourkey/arm_stm32f401/tools/arm gcc/bin/../lib/gcc/arm-none-eabi/5.4.1/../../../../arm-none-eabi/lib/armv7e-m\libg_nano.a(lib_a-nano-reallocr.o)
                0x080095c4                _realloc_r
 .text._sbrk_r  0x08009610       0x20 d:/iti/13-tourkey/arm_stm32f401/tools/arm gcc/bin/../lib/gcc/arm-none-eabi/5.4.1/../../../../arm-none-eabi/lib/armv7e-m\libg_nano.a(lib_a-sbrkr.o)
                0x08009610                _sbrk_r
 .text.__malloc_lock
                0x08009630        0x2 d:/iti/13-tourkey/arm_stm32f401/tools/arm gcc/bin/../lib/gcc/arm-none-eabi/5.4.1/../../../../arm-none-eabi/lib/armv7e-m\libg_nano.a(lib_a-mlock.o)
                0x08009630                __malloc_lock
 .text.__malloc_unlock
                0x08009632        0x2 d:/iti/13-tourkey/arm_stm32f401/tools/arm gcc/bin/../lib/gcc/arm-none-eabi/5.4.1/../../../../arm-none-eabi/lib/armv7e-m\libg_nano.a(lib_a-mlock.o)
                0x08009632                __malloc_unlock
 .text._malloc_usable_size_r
                0x08009634       0x14 d:/iti/13-tourkey/arm_stm32f401/tools/arm gcc/bin/../lib/gcc/arm-none-eabi/5.4.1/../../../../arm-none-eabi/lib/armv7e-m\libg_nano.a(lib_a-nano-msizer.o)
                0x08009634                _malloc_usable_size_r
 *(.rodata .rodata.* .constdata .constdata.*)
 .rodata.AHBPrescTable
                0x08009648       0x10 C:\Users\ABDELR~1\AppData\Local\Temp\cc0THDXl.ltrans0.ltrans.o
 .rodata.str1.4
                0x08009658      0x168 C:\Users\ABDELR~1\AppData\Local\Temp\cc0THDXl.ltrans0.ltrans.o
                                0x165 (size before relaxing)
 .rodata.str1.1
                0x080097c0       0x11 d:/iti/13-tourkey/arm_stm32f401/tools/arm gcc/bin/../lib/gcc/arm-none-eabi/5.4.1/../../../../arm-none-eabi/lib/armv7e-m\libg_nano.a(lib_a-nano-svfprintf.o)
 .rodata.str1.1
                0x080097d1       0x22 d:/iti/13-tourkey/arm_stm32f401/tools/arm gcc/bin/../lib/gcc/arm-none-eabi/5.4.1/../../../../arm-none-eabi/lib/armv7e-m\libg_nano.a(lib_a-nano-vfprintf_i.o)
 *(vtable)
 *(.eh_frame*)
 *(.glue_7)
 .glue_7        0x080097f3        0x0 linker stubs
 *(.glue_7t)
 .glue_7t       0x080097f3        0x0 linker stubs

.vfp11_veneer   0x080097f4        0x0
 .vfp11_veneer  0x080097f4        0x0 linker stubs

.v4_bx          0x080097f4        0x0
 .v4_bx         0x080097f4        0x0 linker stubs

.iplt           0x080097f4        0x0
 .iplt          0x080097f4        0x0 d:/iti/13-tourkey/arm_stm32f401/tools/arm gcc/bin/../lib/gcc/arm-none-eabi/5.4.1/../../../../arm-none-eabi/lib/armv7e-m\libg_nano.a(lib_a-errno.o)

.rel.dyn        0x080097f4        0x0
 .rel.iplt      0x080097f4        0x0 d:/iti/13-tourkey/arm_stm32f401/tools/arm gcc/bin/../lib/gcc/arm-none-eabi/5.4.1/../../../../arm-none-eabi/lib/armv7e-m\libg_nano.a(lib_a-errno.o)

.ARM.extab
 *(.ARM.extab* .gnu.linkonce.armextab.*)
                0x080097f4                . = ALIGN (0x4)
                0x080097f4                __exidx_start = .

.ARM.exidx
 *(.ARM.exidx* .gnu.linkonce.armexidx.*)
                0x080097f4                __exidx_end = .
                0x080097f4                . = ALIGN (0x4)
                0x080097f4                _etext = .
                0x080097f4                __etext = .

.data_CCMRAM    0x10000000        0x0 load address 0x080097f4
 FILL mask 0xff
 *(.data.CCMRAM .data.CCMRAM.*)
                0x10000000                . = ALIGN (0x4)
                0x080097f4                _sidata = LOADADDR (.data)

.data           0x20000000       0x78 load address 0x080097f4
 FILL mask 0xff
                0x20000000                _sdata = .
                0x20000000                __data_start__ = .
 *(.data_begin .data_begin.*)
 .data_begin    0x20000000        0x4 C:\Users\ABDELR~1\AppData\Local\Temp\cc0THDXl.ltrans0.ltrans.o
 *(.data .data.*)
 .data.SystemCoreClock
                0x20000004        0x4 C:\Users\ABDELR~1\AppData\Local\Temp\cc0THDXl.ltrans0.ltrans.o
 .data.argv.4290
                0x20000008        0x8 C:\Users\ABDELR~1\AppData\Local\Temp\cc0THDXl.ltrans0.ltrans.o
 .data.impure_data
                0x20000010       0x60 d:/iti/13-tourkey/arm_stm32f401/tools/arm gcc/bin/../lib/gcc/arm-none-eabi/5.4.1/../../../../arm-none-eabi/lib/armv7e-m\libg_nano.a(lib_a-impure.o)
 .data._impure_ptr
                0x20000070        0x4 d:/iti/13-tourkey/arm_stm32f401/tools/arm gcc/bin/../lib/gcc/arm-none-eabi/5.4.1/../../../../arm-none-eabi/lib/armv7e-m\libg_nano.a(lib_a-impure.o)
                0x20000070                _impure_ptr
 *(.data_end .data_end.*)
 .data_end      0x20000074        0x4 C:\Users\ABDELR~1\AppData\Local\Temp\cc0THDXl.ltrans0.ltrans.o
                0x20000078                . = ALIGN (0x4)
                0x20000078                _edata = .
                0x20000078                __data_end__ = .

.igot.plt       0x20000078        0x0 load address 0x0800986c
 .igot.plt      0x20000078        0x0 d:/iti/13-tourkey/arm_stm32f401/tools/arm gcc/bin/../lib/gcc/arm-none-eabi/5.4.1/../../../../arm-none-eabi/lib/armv7e-m\libg_nano.a(lib_a-errno.o)

.bss_CCMRAM     0x10000000        0x0
 *(.bss.CCMRAM .bss.CCMRAM.*)

.bss            0x20000078       0xe0
                0x20000078                __bss_start__ = .
                0x20000078                _sbss = .
 *(.bss_begin .bss_begin.*)
 .bss_begin     0x20000078        0x4 C:\Users\ABDELR~1\AppData\Local\Temp\cc0THDXl.ltrans0.ltrans.o
 *(.bss .bss.*)
 .bss.current_heap_end.3974
                0x2000007c        0x4 C:\Users\ABDELR~1\AppData\Local\Temp\cc0THDXl.ltrans0.ltrans.o
 .bss.name.4289
                0x20000080        0x1 C:\Users\ABDELR~1\AppData\Local\Temp\cc0THDXl.ltrans0.ltrans.o
 *fill*         0x20000081        0x3 
 .bss.Glop_Uart1
                0x20000084        0x4 C:\Users\ABDELR~1\AppData\Local\Temp\cc0THDXl.ltrans0.ltrans.o
 .bss.buf.5179  0x20000088       0x80 C:\Users\ABDELR~1\AppData\Local\Temp\cc0THDXl.ltrans0.ltrans.o
 .bss.Loc_uart  0x20000108       0x34 C:\Users\ABDELR~1\AppData\Local\Temp\cc0THDXl.ltrans0.ltrans.o
 .bss.AppArr_buff
                0x2000013c        0x5 C:\Users\ABDELR~1\AppData\Local\Temp\cc0THDXl.ltrans0.ltrans.o
 *fill*         0x20000141        0x3 
 .bss.Glop_RxCompleteCpf1
                0x20000144        0x4 C:\Users\ABDELR~1\AppData\Local\Temp\cc0THDXl.ltrans0.ltrans.o
 .bss.__malloc_sbrk_start
                0x20000148        0x4 d:/iti/13-tourkey/arm_stm32f401/tools/arm gcc/bin/../lib/gcc/arm-none-eabi/5.4.1/../../../../arm-none-eabi/lib/armv7e-m\libg_nano.a(lib_a-nano-mallocr.o)
                0x20000148                __malloc_sbrk_start
 .bss.__malloc_free_list
                0x2000014c        0x4 d:/iti/13-tourkey/arm_stm32f401/tools/arm gcc/bin/../lib/gcc/arm-none-eabi/5.4.1/../../../../arm-none-eabi/lib/armv7e-m\libg_nano.a(lib_a-nano-mallocr.o)
                0x2000014c                __malloc_free_list
 *(COMMON)
 COMMON         0x20000150        0x4 C:\Users\ABDELR~1\AppData\Local\Temp\cc0THDXl.ltrans0.ltrans.o
                0x20000150                errno
 *(.bss_end .bss_end.*)
 .bss_end       0x20000154        0x4 C:\Users\ABDELR~1\AppData\Local\Temp\cc0THDXl.ltrans0.ltrans.o
                0x20000158                . = ALIGN (0x4)
                0x20000158                __bss_end__ = .
                0x20000158                _ebss = .

.noinit_CCMRAM
 *(.noinit.CCMRAM .noinit.CCMRAM.*)

.noinit         0x20000158        0x0
                0x20000158                _noinit = .
 *(.noinit .noinit.*)
                0x20000158                . = ALIGN (0x4)
                0x20000158                _end_noinit = .
                [!provide]                PROVIDE (end, _end_noinit)
                [!provide]                PROVIDE (_end, _end_noinit)
                [!provide]                PROVIDE (__end, _end_noinit)
                [!provide]                PROVIDE (__end__, _end_noinit)

._check_stack   0x20000158      0x100
                0x20000258                . = (. + _Minimum_Stack_Size)
 *fill*         0x20000158      0x100 

.b1text
 *(.b1text)
 *(.b1rodata)
 *(.b1rodata.*)

.eb0text
 *(.eb0text)
 *(.eb0rodata)
 *(.eb0rodata.*)

.eb1text
 *(.eb1text)
 *(.eb1rodata)
 *(.eb1rodata.*)

.eb2text
 *(.eb2text)
 *(.eb2rodata)
 *(.eb2rodata.*)

.eb3text
 *(.eb3text)
 *(.eb3rodata)
 *(.eb3rodata.*)

.stab
 *(.stab)

.stabstr
 *(.stabstr)

.stab.excl
 *(.stab.excl)

.stab.exclstr
 *(.stab.exclstr)

.stab.index
 *(.stab.index)

.stab.indexstr
 *(.stab.indexstr)

.comment        0x00000000       0x6e
 *(.comment)
 .comment       0x00000000       0x6e C:\Users\ABDELR~1\AppData\Local\Temp\cc0THDXl.ltrans0.ltrans.o
                                 0x6f (size before relaxing)

.ARM.attributes
                0x00000000       0x31
 .ARM.attributes
                0x00000000       0x31 C:\Users\ABDELR~1\AppData\Local\Temp\cc0THDXl.ltrans0.ltrans.o
 .ARM.attributes
                0x00000031       0x2e d:/iti/13-tourkey/arm_stm32f401/tools/arm gcc/bin/../lib/gcc/arm-none-eabi/5.4.1/../../../../arm-none-eabi/lib/armv7e-m\libg_nano.a(lib_a-errno.o)
 .ARM.attributes
                0x0000005f       0x2e d:/iti/13-tourkey/arm_stm32f401/tools/arm gcc/bin/../lib/gcc/arm-none-eabi/5.4.1/../../../../arm-none-eabi/lib/armv7e-m\libg_nano.a(lib_a-impure.o)
 .ARM.attributes
                0x0000008d       0x2e d:/iti/13-tourkey/arm_stm32f401/tools/arm gcc/bin/../lib/gcc/arm-none-eabi/5.4.1/../../../../arm-none-eabi/lib/armv7e-m\libg_nano.a(lib_a-vsnprintf.o)
 .ARM.attributes
                0x000000bb       0x2e d:/iti/13-tourkey/arm_stm32f401/tools/arm gcc/bin/../lib/gcc/arm-none-eabi/5.4.1/../../../../arm-none-eabi/lib/armv7e-m\libg_nano.a(lib_a-nano-svfprintf.o)
 .ARM.attributes
                0x000000e9       0x2e d:/iti/13-tourkey/arm_stm32f401/tools/arm gcc/bin/../lib/gcc/arm-none-eabi/5.4.1/../../../../arm-none-eabi/lib/armv7e-m\libg_nano.a(lib_a-nano-vfprintf_i.o)
 .ARM.attributes
                0x00000117       0x1c d:/iti/13-tourkey/arm_stm32f401/tools/arm gcc/bin/../lib/gcc/arm-none-eabi/5.4.1/../../../../arm-none-eabi/lib/armv7e-m\libg_nano.a(lib_a-memchr.o)
 .ARM.attributes
                0x00000133       0x2e d:/iti/13-tourkey/arm_stm32f401/tools/arm gcc/bin/../lib/gcc/arm-none-eabi/5.4.1/../../../../arm-none-eabi/lib/armv7e-m\libg_nano.a(lib_a-memcpy-stub.o)
 .ARM.attributes
                0x00000161       0x2e d:/iti/13-tourkey/arm_stm32f401/tools/arm gcc/bin/../lib/gcc/arm-none-eabi/5.4.1/../../../../arm-none-eabi/lib/armv7e-m\libg_nano.a(lib_a-memmove.o)
 .ARM.attributes
                0x0000018f       0x2e d:/iti/13-tourkey/arm_stm32f401/tools/arm gcc/bin/../lib/gcc/arm-none-eabi/5.4.1/../../../../arm-none-eabi/lib/armv7e-m\libg_nano.a(lib_a-nano-freer.o)
 .ARM.attributes
                0x000001bd       0x2e d:/iti/13-tourkey/arm_stm32f401/tools/arm gcc/bin/../lib/gcc/arm-none-eabi/5.4.1/../../../../arm-none-eabi/lib/armv7e-m\libg_nano.a(lib_a-nano-mallocr.o)
 .ARM.attributes
                0x000001eb       0x2e d:/iti/13-tourkey/arm_stm32f401/tools/arm gcc/bin/../lib/gcc/arm-none-eabi/5.4.1/../../../../arm-none-eabi/lib/armv7e-m\libg_nano.a(lib_a-nano-reallocr.o)
 .ARM.attributes
                0x00000219       0x2e d:/iti/13-tourkey/arm_stm32f401/tools/arm gcc/bin/../lib/gcc/arm-none-eabi/5.4.1/../../../../arm-none-eabi/lib/armv7e-m\libg_nano.a(lib_a-sbrkr.o)
 .ARM.attributes
                0x00000247       0x2e d:/iti/13-tourkey/arm_stm32f401/tools/arm gcc/bin/../lib/gcc/arm-none-eabi/5.4.1/../../../../arm-none-eabi/lib/armv7e-m\libg_nano.a(lib_a-mlock.o)
 .ARM.attributes
                0x00000275       0x2e d:/iti/13-tourkey/arm_stm32f401/tools/arm gcc/bin/../lib/gcc/arm-none-eabi/5.4.1/../../../../arm-none-eabi/lib/armv7e-m\libg_nano.a(lib_a-nano-msizer.o)

.debug
 *(.debug)

.line
 *(.line)

.debug_srcinfo
 *(.debug_srcinfo)

.debug_sfnames
 *(.debug_sfnames)

.debug_aranges  0x00000000      0x200
 *(.debug_aranges)
 .debug_aranges
                0x00000000      0x200 C:\Users\ABDELR~1\AppData\Local\Temp\cc0THDXl.ltrans0.ltrans.o

.debug_pubnames
 *(.debug_pubnames)

.debug_info     0x00000000     0x1a4f
 *(.debug_info .gnu.linkonce.wi.*)
 .debug_info    0x00000000     0x1a4f C:\Users\ABDELR~1\AppData\Local\Temp\cc0THDXl.ltrans0.ltrans.o

.debug_abbrev   0x00000000      0x3fc
 *(.debug_abbrev)
 .debug_abbrev  0x00000000      0x3fc C:\Users\ABDELR~1\AppData\Local\Temp\cc0THDXl.ltrans0.ltrans.o

.debug_line     0x00000000      0x956
 *(.debug_line)
 .debug_line    0x00000000      0x956 C:\Users\ABDELR~1\AppData\Local\Temp\cc0THDXl.ltrans0.ltrans.o

.debug_frame    0x00000000      0x800
 *(.debug_frame)
 .debug_frame   0x00000000      0x53c C:\Users\ABDELR~1\AppData\Local\Temp\cc0THDXl.ltrans0.ltrans.o
 .debug_frame   0x0000053c       0x20 d:/iti/13-tourkey/arm_stm32f401/tools/arm gcc/bin/../lib/gcc/arm-none-eabi/5.4.1/../../../../arm-none-eabi/lib/armv7e-m\libg_nano.a(lib_a-errno.o)
 .debug_frame   0x0000055c       0x48 d:/iti/13-tourkey/arm_stm32f401/tools/arm gcc/bin/../lib/gcc/arm-none-eabi/5.4.1/../../../../arm-none-eabi/lib/armv7e-m\libg_nano.a(lib_a-vsnprintf.o)
 .debug_frame   0x000005a4       0x90 d:/iti/13-tourkey/arm_stm32f401/tools/arm gcc/bin/../lib/gcc/arm-none-eabi/5.4.1/../../../../arm-none-eabi/lib/armv7e-m\libg_nano.a(lib_a-nano-svfprintf.o)
 .debug_frame   0x00000634       0x60 d:/iti/13-tourkey/arm_stm32f401/tools/arm gcc/bin/../lib/gcc/arm-none-eabi/5.4.1/../../../../arm-none-eabi/lib/armv7e-m\libg_nano.a(lib_a-nano-vfprintf_i.o)
 .debug_frame   0x00000694       0x28 d:/iti/13-tourkey/arm_stm32f401/tools/arm gcc/bin/../lib/gcc/arm-none-eabi/5.4.1/../../../../arm-none-eabi/lib/armv7e-m\libg_nano.a(lib_a-memcpy-stub.o)
 .debug_frame   0x000006bc       0x28 d:/iti/13-tourkey/arm_stm32f401/tools/arm gcc/bin/../lib/gcc/arm-none-eabi/5.4.1/../../../../arm-none-eabi/lib/armv7e-m\libg_nano.a(lib_a-memmove.o)
 .debug_frame   0x000006e4       0x38 d:/iti/13-tourkey/arm_stm32f401/tools/arm gcc/bin/../lib/gcc/arm-none-eabi/5.4.1/../../../../arm-none-eabi/lib/armv7e-m\libg_nano.a(lib_a-nano-freer.o)
 .debug_frame   0x0000071c       0x2c d:/iti/13-tourkey/arm_stm32f401/tools/arm gcc/bin/../lib/gcc/arm-none-eabi/5.4.1/../../../../arm-none-eabi/lib/armv7e-m\libg_nano.a(lib_a-nano-mallocr.o)
 .debug_frame   0x00000748       0x3c d:/iti/13-tourkey/arm_stm32f401/tools/arm gcc/bin/../lib/gcc/arm-none-eabi/5.4.1/../../../../arm-none-eabi/lib/armv7e-m\libg_nano.a(lib_a-nano-reallocr.o)
 .debug_frame   0x00000784       0x2c d:/iti/13-tourkey/arm_stm32f401/tools/arm gcc/bin/../lib/gcc/arm-none-eabi/5.4.1/../../../../arm-none-eabi/lib/armv7e-m\libg_nano.a(lib_a-sbrkr.o)
 .debug_frame   0x000007b0       0x30 d:/iti/13-tourkey/arm_stm32f401/tools/arm gcc/bin/../lib/gcc/arm-none-eabi/5.4.1/../../../../arm-none-eabi/lib/armv7e-m\libg_nano.a(lib_a-mlock.o)
 .debug_frame   0x000007e0       0x20 d:/iti/13-tourkey/arm_stm32f401/tools/arm gcc/bin/../lib/gcc/arm-none-eabi/5.4.1/../../../../arm-none-eabi/lib/armv7e-m\libg_nano.a(lib_a-nano-msizer.o)

.debug_str      0x00000000     0x1304
 *(.debug_str)
 .debug_str     0x00000000     0x1304 C:\Users\ABDELR~1\AppData\Local\Temp\cc0THDXl.ltrans0.ltrans.o
                               0x14ed (size before relaxing)

.debug_loc      0x00000000     0x14dd
 *(.debug_loc)
 .debug_loc     0x00000000     0x14dd C:\Users\ABDELR~1\AppData\Local\Temp\cc0THDXl.ltrans0.ltrans.o

.debug_macinfo
 *(.debug_macinfo)

.debug_weaknames
 *(.debug_weaknames)

.debug_funcnames
 *(.debug_funcnames)

.debug_typenames
 *(.debug_typenames)

.debug_varnames
 *(.debug_varnames)
OUTPUT(app_For_BLD.elf elf32-littlearm)

.debug_ranges   0x00000000      0x300
 .debug_ranges  0x00000000      0x300 C:\Users\ABDELR~1\AppData\Local\Temp\cc0THDXl.ltrans0.ltrans.o
